// Vitest Snapshot v1, https://vitest.dev/guide/snapshot.html

exports[`Store component > renders correctly 1`] = `
<div>
  <main
    class="_container_5d4f08"
  >
    <div
      class="_links-container_5d4f08"
    >
      <h2
        class="_heading_5d4f08"
      >
        View Our Products
      </h2>
      <div
        class="_category-container_5d4f08"
      >
        <a
          class="_category-link_5d4f08"
          href="/men's clothing"
        >
          Men's Clothing
        </a>
        <a
          class="_category-link_5d4f08"
          href="/women's clothing"
        >
          Women's Clothing
        </a>
        <a
          class="_category-link_5d4f08"
          href="/electronics"
        >
          Electronics
        </a>
        <a
          class="_category-link_5d4f08"
          href="/jewelery"
        >
          Jewelery
        </a>
      </div>
      <a
        class="_all-link_5d4f08"
        href="/all"
      >
        View All
      </a>
    </div>
  </main>
</div>
`;
