// Vitest Snapshot v1, https://vitest.dev/guide/snapshot.html

exports[`CartModalItem component > renders correctly 1`] = `
<div>
  <li
    class="_item-card_e60165"
  >
    <div
      class="_image-container_e60165"
    >
      <img
        alt=""
        class="_item-image_e60165"
        src="https://image.placeholder.com/product"
      />
    </div>
    <div
      class="_item-info_e60165"
    >
      <p
        class="_title_e60165"
      >
        Product 0
      </p>
      <p
        class="_item-price_e60165"
      >
        5
         x $
        49.5
      </p>
    </div>
  </li>
</div>
`;
