// Vitest Snapshot v1, https://vitest.dev/guide/snapshot.html

exports[`CartModalItem component > renders correctly 1`] = `
<div>
  <li>
    <div>
      <img
        alt=""
        src="https://image.placeholder.com/product"
      />
    </div>
    <div>
      <p>
        Product 0
      </p>
      <p>
        5
         x $
        49.5
      </p>
    </div>
  </li>
</div>
`;
