// Vitest Snapshot v1, https://vitest.dev/guide/snapshot.html

exports[`Header component > renders the brand name and the nav links 1`] = `
<div>
  <header>
    <h1>
      My Shop App
    </h1>
    <nav>
      <a
        href="/"
      >
        Home
      </a>
      <a
        href="/store"
      >
        Store
      </a>
      <a>
        Cart(
        0
        )
      </a>
    </nav>
  </header>
</div>
`;
