// Vitest Snapshot v1, https://vitest.dev/guide/snapshot.html

exports[`Home component > renders welcome title, store description and going to store button 1`] = `
<div>
  <h2>
    Welcome to our store!
  </h2>
  <p>
    Lorem ipsum, dolor sit amet consectetur adipisicing elit. Ducimus autem itaque corporis vitae id vero quaerat possimus nisi neque alias?
  </p>
  <button>
    Go to store
  </button>
</div>
`;
