// Vitest Snapshot v1, https://vitest.dev/guide/snapshot.html

exports[`Store component > renders correctly 1`] = `
<div>
  <main
    class="_container_b2a040"
  >
    <div
      class="_links-container_b2a040"
    >
      <h2
        class="_heading_b2a040"
      >
        View Our Products
      </h2>
      <div
        class="_category-container_b2a040"
      >
        <a
          class="_category-link_b2a040"
          href="/men's clothing"
        >
          <svg
            class="lucide lucide-shirt"
            fill="none"
            height="24"
            stroke="currentColor"
            stroke-linecap="round"
            stroke-linejoin="round"
            stroke-width="2"
            viewBox="0 0 24 24"
            width="24"
            xmlns="http://www.w3.org/2000/svg"
          >
            <path
              d="M20.38 3.46 16 2a4 4 0 0 1-8 0L3.62 3.46a2 2 0 0 0-1.34 2.23l.58 3.47a1 1 0 0 0 .99.84H6v10c0 1.1.9 2 2 2h8a2 2 0 0 0 2-2V10h2.15a1 1 0 0 0 .99-.84l.58-3.47a2 2 0 0 0-1.34-2.23z"
            />
          </svg>
          Men's Clothing
        </a>
        <a
          class="_category-link_b2a040"
          href="/women's clothing"
        >
          <svg
            class="lucide"
            fill="none"
            height="24"
            stroke="currentColor"
            stroke-linecap="round"
            stroke-linejoin="round"
            stroke-width="2"
            viewBox="0 0 24 24"
            width="24"
            xmlns="http://www.w3.org/2000/svg"
          >
            <path
              d="M16 2v3a5.14 5.14 0 0 1 .7 4.8l-.2.5a7.64 7.64 0 0 0 .4 6.3C17.7 17.9 19 20 19 20s-3.1 2-7 2-7-2-7-2 1.3-2.1 2.1-3.5a7.64 7.64 0 0 0 .4-6.2l-.2-.5A5.66 5.66 0 0 1 8 5V2"
            />
            <path
              d="M16 5c-1.8 0-3.3 1-4 2.5C11.3 6 9.8 5 8 5"
            />
          </svg>
          Women's Clothing
        </a>
        <a
          class="_category-link_b2a040"
          href="/electronics"
        >
          <svg
            class="lucide lucide-circuit-board"
            fill="none"
            height="24"
            stroke="currentColor"
            stroke-linecap="round"
            stroke-linejoin="round"
            stroke-width="2"
            viewBox="0 0 24 24"
            width="24"
            xmlns="http://www.w3.org/2000/svg"
          >
            <rect
              height="18"
              rx="2"
              width="18"
              x="3"
              y="3"
            />
            <path
              d="M11 9h4a2 2 0 0 0 2-2V3"
            />
            <circle
              cx="9"
              cy="9"
              r="2"
            />
            <path
              d="M7 21v-4a2 2 0 0 1 2-2h4"
            />
            <circle
              cx="15"
              cy="15"
              r="2"
            />
          </svg>
          Electronics
        </a>
        <a
          class="_category-link_b2a040"
          href="/jewelery"
        >
          <svg
            class="lucide lucide-gem"
            fill="none"
            height="24"
            stroke="currentColor"
            stroke-linecap="round"
            stroke-linejoin="round"
            stroke-width="2"
            viewBox="0 0 24 24"
            width="24"
            xmlns="http://www.w3.org/2000/svg"
          >
            <path
              d="M6 3h12l4 6-10 13L2 9Z"
            />
            <path
              d="M11 3 8 9l4 13 4-13-3-6"
            />
            <path
              d="M2 9h20"
            />
          </svg>
          Jewelery
        </a>
      </div>
      <a
        class="_all-link_b2a040"
        href="/all"
      >
        <p>
          View All
          <svg
            class="lucide lucide-move-right"
            fill="none"
            height="24"
            stroke="currentColor"
            stroke-linecap="round"
            stroke-linejoin="round"
            stroke-width="2"
            viewBox="0 0 24 24"
            width="24"
            xmlns="http://www.w3.org/2000/svg"
          >
            <path
              d="M18 8L22 12L18 16"
            />
            <path
              d="M2 12H22"
            />
          </svg>
        </p>
      </a>
    </div>
  </main>
</div>
`;
